exports[`MarkitupReactRenderer should render HTML 1`] = `"<article><p>Paragraph with <em>inline</em> element</p></article>"`;

exports[`MarkitupReactRenderer should render HTML as is using Markdown 1`] = `"<article><h1>Title</h1></article>"`;

exports[`MarkitupReactRenderer should render markdown 1`] = `"<article><h1>H1</h1><p>Text with <strong>bold</strong> &amp; <em>em</em> elements</p><h2>H2</h2><ul><li>ul item 1</li><li>ul item 2</li></ul><h3>H3</h3><ol><li>ol item 1</li><li>ol item 2</li><li>ol item 3</li></ol><h4>H4</h4><p><a href=\"http://google.com\">link title</a></p><h5>H5</h5><p><img alt=\"alt text\" src=\"https://pbs.twimg.com/profile_images/678903331176214528/TQTdqGwD.jpg\"/></p><h6>H6</h6></article>"`;

exports[`MarkitupReactRenderer should support custom syntax 1`] = `"<article></article>"`;
